{"level":"info","message":"✅ Database connected successfully","timestamp":"2026-05-08 06:47:49"}
{"level":"info","message":"✅ Redis connected successfully","timestamp":"2026-05-08 06:47:51"}
{"level":"info","message":"🚀 Server running on port 3000","timestamp":"2026-05-08 06:47:51"}
{"level":"info","message":"✅ Database connected successfully","timestamp":"2026-05-08 07:14:37"}
{"level":"info","message":"✅ Redis connected successfully","timestamp":"2026-05-08 07:14:41"}
{"level":"info","message":"🚀 Server running on port 3000","timestamp":"2026-05-08 07:14:41"}
{"level":"info","message":"✅ Database connected successfully","timestamp":"2026-05-08 07:15:59"}
{"level":"info","message":"✅ Redis connected successfully","timestamp":"2026-05-08 07:16:01"}
{"level":"info","message":"🚀 Server running on port 3000","timestamp":"2026-05-08 07:16:01"}
{"level":"info","message":"✅ Database connected successfully","timestamp":"2026-05-08 07:18:23"}
{"level":"info","message":"✅ Redis connected successfully","timestamp":"2026-05-08 07:18:23"}
{"level":"info","message":"🚀 Server running on port 3000","timestamp":"2026-05-08 07:18:23"}
{"level":"info","message":"✅ Database connected successfully","timestamp":"2026-05-08 07:21:55"}
{"level":"info","message":"✅ Redis connected successfully","timestamp":"2026-05-08 07:21:55"}
{"level":"info","message":"🚀 Server running on port 3000","timestamp":"2026-05-08 07:21:55"}
{"level":"info","message":"✅ Database connected successfully","timestamp":"2026-05-08 07:22:12"}
{"level":"info","message":"✅ Redis connected successfully","timestamp":"2026-05-08 07:22:12"}
{"level":"info","message":"🚀 Server running on port 3000","timestamp":"2026-05-08 07:22:12"}
{"level":"info","message":"✅ Database connected successfully","timestamp":"2026-05-08 07:24:38"}
{"level":"info","message":"✅ Redis connected successfully","timestamp":"2026-05-08 07:24:38"}
{"level":"info","message":"🚀 Server running on port 3000","timestamp":"2026-05-08 07:24:38"}
{"level":"info","message":"✅ Database connected successfully","timestamp":"2026-05-08 07:26:59"}
{"level":"info","message":"✅ Redis connected successfully","timestamp":"2026-05-08 07:26:59"}
{"level":"info","message":"🚀 Server running on port 3000","timestamp":"2026-05-08 07:26:59"}
{"level":"info","message":"✅ Database connected successfully","timestamp":"2026-05-08 07:40:39"}
{"level":"info","message":"✅ Redis connected successfully","timestamp":"2026-05-08 07:40:40"}
{"level":"info","message":"🚀 Server running on port 3000","timestamp":"2026-05-08 07:40:40"}
{"level":"info","message":"✅ Database connected successfully","timestamp":"2026-05-08 07:44:02"}
{"level":"info","message":"✅ Redis connected successfully","timestamp":"2026-05-08 07:44:04"}
{"level":"info","message":"🚀 Server running on port 3000","timestamp":"2026-05-08 07:44:04"}
{"level":"info","message":"✅ Database connected successfully","timestamp":"2026-05-08 07:48:19"}
{"level":"info","message":"✅ Redis connected successfully","timestamp":"2026-05-08 07:48:19"}
{"level":"info","message":"🚀 Server running on port 3000","timestamp":"2026-05-08 07:48:19"}
{"level":"info","message":"✅ Database connected successfully","timestamp":"2026-05-08 08:11:14"}
{"level":"info","message":"✅ Redis connected successfully","timestamp":"2026-05-08 08:11:16"}
{"level":"info","message":"🚀 Server running on port 3000","timestamp":"2026-05-08 08:11:17"}
{"isOperational":true,"level":"error","statusCode":400,"timestamp":"2026-05-08 08:14:13"}
{"level":"info","message":"✅ Database connected successfully","timestamp":"2026-05-08 08:18:30"}
{"level":"info","message":"✅ Redis connected successfully","timestamp":"2026-05-08 08:18:31"}
{"level":"info","message":"🚀 Server running on port 3000","timestamp":"2026-05-08 08:18:31"}
{"level":"info","message":"✅ Database connected successfully","timestamp":"2026-05-08 08:27:22"}
{"level":"info","message":"✅ Redis connected successfully","timestamp":"2026-05-08 08:27:23"}
{"level":"info","message":"🚀 Server running on port 3000","timestamp":"2026-05-08 08:27:23"}
{"level":"info","message":"✅ Database connected successfully","timestamp":"2026-05-08 08:35:08"}
{"level":"info","message":"✅ Redis connected successfully","timestamp":"2026-05-08 08:35:08"}
{"level":"info","message":"🚀 Server running on port 3000","timestamp":"2026-05-08 08:35:08"}
{"level":"info","message":"✅ Database connected successfully","timestamp":"2026-05-08 12:52:00"}
{"level":"info","message":"✅ Redis connected successfully","timestamp":"2026-05-08 12:52:03"}
{"level":"info","message":"🚀 Server running on port 3000","timestamp":"2026-05-08 12:52:03"}
{"level":"info","message":"✅ Database connected successfully","timestamp":"2026-05-08 13:15:47"}
{"level":"info","message":"✅ Redis connected successfully","timestamp":"2026-05-08 13:15:48"}
{"level":"info","message":"🚀 Server running on port 3000","timestamp":"2026-05-08 13:15:48"}
{"level":"info","message":"✅ Database connected successfully","timestamp":"2026-05-08 13:19:03"}
{"level":"info","message":"✅ Redis connected successfully","timestamp":"2026-05-08 13:19:03"}
{"level":"info","message":"🚀 Server running on port 3000","timestamp":"2026-05-08 13:19:03"}
{"level":"info","message":"✅ Database connected successfully","timestamp":"2026-05-08 13:19:23"}
{"level":"info","message":"✅ Redis connected successfully","timestamp":"2026-05-08 13:19:23"}
{"level":"info","message":"🚀 Server running on port 3000","timestamp":"2026-05-08 13:19:23"}
{"level":"info","message":"✅ Database connected successfully","timestamp":"2026-05-08 13:29:00"}
{"level":"info","message":"✅ Redis connected successfully","timestamp":"2026-05-08 13:29:00"}
{"level":"info","message":"🚀 Server running on port 3000","timestamp":"2026-05-08 13:29:00"}
{"level":"info","message":"✅ Database connected successfully","timestamp":"2026-05-08 13:53:27"}
{"level":"info","message":"✅ Redis connected successfully","timestamp":"2026-05-08 13:53:28"}
{"level":"info","message":"🚀 Server running on port 3000","timestamp":"2026-05-08 13:53:31"}
{"level":"info","message":"Running session cleanup job...","timestamp":"2026-05-08 14:00:00"}
{"level":"info","message":"✅ Database connected successfully","timestamp":"2026-05-08 14:04:05"}
{"level":"info","message":"✅ Redis connected successfully","timestamp":"2026-05-08 14:04:06"}
{"level":"info","message":"🚀 Server running on port 3000","timestamp":"2026-05-08 14:04:06"}
{"level":"info","message":"✅ Database connected successfully","timestamp":"2026-05-08 14:27:16"}
{"level":"info","message":"✅ Redis connected successfully","timestamp":"2026-05-08 14:27:16"}
{"level":"info","message":"🚀 Server running on port 3000","timestamp":"2026-05-08 14:27:20"}
